C51 COMPILER V9.60.7.0   DEBUG                                                             01/15/2026 13:41:34 PAGE 1   


C51 COMPILER V9.60.7.0, COMPILATION OF MODULE DEBUG
OBJECT MODULE PLACED IN .\Release\Objects\debug.obj
COMPILER INVOKED BY: C:\Keil_v5\C51\BIN\C51.EXE ..\..\Libraries\Source\debug.c LARGE OPTIMIZE(8,SPEED) BROWSE INTVECTOR(
                    -0X000C) INCDIR(..\..\Libraries\Include;..\..\User;..\..\Hardware) INTERVAL(3) DEBUG OBJECTEXTEND PRINT(.\Release\Listing
                    -s\debug.lst) OBJECT(.\Release\Objects\debug.obj)

line level    source

   1          /**
   2           ******************************************************************************
   3           * @file    debug.c
   4           * @author  HUGE-IC Application Team
   5           * @version V1.0.0
   6           * @date    01-05-2021
   7           * @brief   This file contains the debug function.
   8           ******************************************************************************
   9           * @attention
  10           *
  11           * <h2><center>&copy; COPYRIGHT 2021 HUGE-IC</center></h2>
  12           *
  13           *
  14           *
  15           ******************************************************************************
  16           */
  17          
  18          /* Includes ------------------------------------------------------------------*/
  19          #include "include.h"
  20          
  21          /** @addtogroup Template_Project
  22           * @{
  23           */
  24          
  25          /* Private typedef -----------------------------------------------------------*/
  26          /* Private define ------------------------------------------------------------*/
  27          /* Private macro -------------------------------------------------------------*/
  28          /* Private variables ---------------------------------------------------------*/
  29          /* Private function prototypes -----------------------------------------------*/
  30          /* Private functions ---------------------------------------------------------*/
  31          
  32          #if DBG_PRINTF_EN
  33          // 重写puchar()函数
  34          char putchar(char c)
  35          {
  36   1          while (!(UART1_STA & UART_TX_DONE(0x01)))
  37   1              ;
  38   1          UART1_DATA = c;
  39   1      
  40   1          return c;
  41   1      }
  42          #endif
  43          
  44          #if 0
              /**
               * @brief  Debug puchar function
               * @param  uart_data : Data that needs to be sent
               * @retval None
               */
              void debug_putchar(u8 uart_data)
              {
                  while (!(UART1_STA & UART_TX_DONE(0x01)))
                      ;
C51 COMPILER V9.60.7.0   DEBUG                                                             01/15/2026 13:41:34 PAGE 2   

                  UART1_DATA = uart_data;
                  while (!(UART1_STA & UART_TX_DONE(0x01)))
                      ;
              }
              #endif
  59          
  60          /**
  61           * @brief  Debug initialization function
  62           * @param  None
  63           * @retval None
  64           */
  65          void debug_init(void)
  66          {
  67   1          // TX---P30(R16)
  68   1          // P3_MD0 &= ~GPIO_P30_MODE_SEL(0x03);
  69   1          // P3_MD0 |= GPIO_P30_MODE_SEL(0x01);
  70   1          // FOUT_S30 = GPIO_FOUT_UART1_TX;
  71   1      
  72   1          // P27 
  73   1          P2_MD1 &= ~GPIO_P27_MODE_SEL(0x03); // 清空对应的寄存器配置
  74   1          P2_MD1 |= GPIO_P27_MODE_SEL(0x01); // 配置为 输出模式
  75   1          FOUT_S27 = GPIO_FOUT_UART1_TX; // 输出功能选择
  76   1      
  77   1          UART1_BAUD1 = (((SYSCLK - DEBUG_BAUD) / DEBUG_BAUD) >> 8) & 0xFF;
  78   1          UART1_BAUD0 = ((SYSCLK - DEBUG_BAUD) / DEBUG_BAUD) & 0xFF;
  79   1          UART1_CON0 = UART_EN(0x01); // UART使能
  80   1      }
  81          
  82          #if 0
              /**
               * @brief  Debug User printf function
               * @param  p_data : The string to send
               * @retval None
               */
              void user_printf(char *p_data)
              {
                  while (*p_data != '\0')
                  {
                      debug_putchar(*p_data++);
                  }
              }
              #endif
  96          
  97          /*************************** (C) COPYRIGHT 2021 HUGE-IC ***** END OF FILE *****/


MODULE INFORMATION:   STATIC OVERLAYABLE
   CODE SIZE        =     34    ----
   CONSTANT SIZE    =   ----    ----
   XDATA SIZE       =   ----    ----
   PDATA SIZE       =   ----    ----
   DATA SIZE        =   ----    ----
   IDATA SIZE       =   ----    ----
   BIT SIZE         =   ----    ----
END OF MODULE INFORMATION.


C51 COMPILATION COMPLETE.  0 WARNING(S),  0 ERROR(S)
