C51 COMPILER V9.60.7.0   KEY                                                               01/15/2026 14:23:55 PAGE 1   


C51 COMPILER V9.60.7.0, COMPILATION OF MODULE KEY
OBJECT MODULE PLACED IN .\Release\Objects\key.obj
COMPILER INVOKED BY: C:\Keil_v5\C51\BIN\C51.EXE ..\..\Hardware\key.c LARGE OPTIMIZE(8,SPEED) BROWSE INTVECTOR(0X000C) IN
                    -CDIR(..\..\Libraries\Include;..\..\User;..\..\Hardware) INTERVAL(3) DEBUG OBJECTEXTEND PRINT(.\Release\Listings\key.lst)
                    - OBJECT(.\Release\Objects\key.obj)

line level    source

   1          #include "key.h"
   2          
   3          void key_init(void)
   4          {
   5   1          
   6   1      }
   7          
   8          void key_scan(void)
   9          {
  10   1          
  11   1      }


MODULE INFORMATION:   STATIC OVERLAYABLE
   CODE SIZE        =      2    ----
   CONSTANT SIZE    =   ----    ----
   XDATA SIZE       =   ----    ----
   PDATA SIZE       =   ----    ----
   DATA SIZE        =   ----    ----
   IDATA SIZE       =   ----    ----
   BIT SIZE         =   ----    ----
END OF MODULE INFORMATION.


C51 COMPILATION COMPLETE.  0 WARNING(S),  0 ERROR(S)
