C51 COMPILER V9.60.7.0   MOTOR_HANDLE                                                      03/18/2026 09:23:04 PAGE 1   


C51 COMPILER V9.60.7.0, COMPILATION OF MODULE MOTOR_HANDLE
OBJECT MODULE PLACED IN .\Release\Objects\motor_handle.obj
COMPILER INVOKED BY: C:\Keil_v5\C51\BIN\C51.EXE ..\..\Hardware\motor_handle.c LARGE OPTIMIZE(8,SPEED) BROWSE INTVECTOR(0
                    -X000C) INCDIR(..\..\Libraries\Include;..\..\User;..\..\Hardware) INTERVAL(3) DEBUG OBJECTEXTEND PRINT(.\Release\Listings
                    -\motor_handle.lst) OBJECT(.\Release\Objects\motor_handle.obj)

line level    source

   1          #include "motor_handle.h"
   2          #include "adc.h"
   3          
   4          volatile u8 motor_0_status = MOTOR_STATUS_STOP; // 电机的状态机
   5          volatile u8 motor_1_status = MOTOR_STATUS_STOP; // 电机的状态机
   6          
   7          volatile u16 motor_0_dir_change_dly = 0; //
   8          volatile u16 motor_1_dir_change_dly = 0; //
   9          
  10          /*
  11              标志位，是否允许电机改变方向，
  12              处理函数会检测 motor_0_status 的值，更新电机工作对应的方向
  13              如果这个变量置一，后续的处理函数循环又会给 motor_0_is_working 置一
  14          */
  15          volatile u8 motor_0_dir_change_enable = 0;
  16          volatile u8 motor_1_dir_change_enable = 0; // 标志位，是否允许电机改变方向
  17          
  18          volatile u8 motor_0_is_working = 0; // 电机是否正在工作
  19          volatile u8 motor_1_is_working = 0; // 电机是否正在工作
  20          
  21          void motor_0_change_status(motor_status_t status)
  22          {
  23   1          if (status != MOTOR_STATUS_FORWARD &&
  24   1              status != MOTOR_STATUS_REVERSE)
  25   1          {
  26   2              return;
  27   2          }
  28   1      
  29   1          motor_0_status = status;
  30   1          motor_0_is_working = 0;
  31   1          motor_0_dir_change_enable = 1;
  32   1          motor_0_dir_change_dly = MOTOR_DIR_CHANGE_DLY_TIME;
  33   1      
  34   1          MOTOR_0_FORWARD_PWM_DUTY_SET(PWM_DUTY_VAL_0_PERCENT);
  35   1          MOTOR_0_REVERSE_PWM_DUTY_SET(PWM_DUTY_VAL_0_PERCENT);
  36   1      }
  37          
  38          void motor_1_change_status(motor_status_t status)
  39          {
  40   1          if (status != MOTOR_STATUS_FORWARD &&
  41   1              status != MOTOR_STATUS_REVERSE)
  42   1          {
  43   2              return;
  44   2          }
  45   1      
  46   1          motor_1_status = status;
  47   1          motor_1_is_working = 0;
  48   1          motor_1_dir_change_enable = 1;
  49   1          motor_1_dir_change_dly = MOTOR_DIR_CHANGE_DLY_TIME;
  50   1      
  51   1          MOTOR_1_FORWARD_PWM_DUTY_SET(PWM_DUTY_VAL_0_PERCENT);
  52   1          MOTOR_1_REVERSE_PWM_DUTY_SET(PWM_DUTY_VAL_0_PERCENT);
  53   1      }
C51 COMPILER V9.60.7.0   MOTOR_HANDLE                                                      03/18/2026 09:23:04 PAGE 2   

  54          
  55          void motor_0_handler(void)
  56          {
  57   1          static volatile u16 motor_0_working_timing = 0;
  58   1          static volatile u16 motor_0_overcurrent_cnt = 0; // 电机过流检测计数值
  59   1          static volatile u16 adc_val_reverse = 0;
  60   1          static volatile u16 adc_val_forward = 0;
  61   1          //  ====================  延时切换电机方向  ========================
  62   1          //  ====================  需求电机停止几百ms再启动  ========================
  63   1      
  64   1          // printf("motor_0_dir_change_dly == %u\n", motor_0_dir_change_dly);
  65   1          if (motor_0_dir_change_dly > 0)
  66   1          {
  67   2              motor_0_dir_change_dly--;
  68   2          }
  69   1          else
  70   1          {
  71   2              if (motor_0_dir_change_enable)
  72   2              {
  73   3                  motor_0_dir_change_enable = 0;
  74   3                  if (motor_0_status == MOTOR_STATUS_FORWARD)
  75   3                  {
  76   4                      MOTOR_0_FORWARD_PWM_DUTY_SET(MOTOR_WORKING_PWM_DUTY_VAL);
  77   4                      MOTOR_0_REVERSE_PWM_DUTY_SET(PWM_DUTY_VAL_0_PERCENT);
  78   4                      motor_0_working_timing = 0;
  79   4                      motor_0_is_working = 1;
  80   4                      motor_0_overcurrent_cnt = 0;
  81   4                      // printf("setting motor 0 forward\n");
  82   4                  }
  83   3                  else if (motor_0_status == MOTOR_STATUS_REVERSE)
  84   3                  {
  85   4                      MOTOR_0_FORWARD_PWM_DUTY_SET(PWM_DUTY_VAL_0_PERCENT);
  86   4                      MOTOR_0_REVERSE_PWM_DUTY_SET(MOTOR_WORKING_PWM_DUTY_VAL);
  87   4                      motor_0_working_timing = 0;
  88   4                      motor_0_is_working = 1;
  89   4                      motor_0_overcurrent_cnt = 0;
  90   4                      // printf("setting motor 0 reverse\n");
  91   4                  }
  92   3              }
  93   2          }
  94   1      
  95   1          // =================== ADC检测  ========================
  96   1          // 有新的数值更新，才会覆盖旧值：
  97   1          if (adc_get_update_flag(ADC_CHANNEL_INDEX_FORWARD_0))
  98   1          {
  99   2              adc_clear_update_flag(ADC_CHANNEL_INDEX_FORWARD_0);
 100   2              adc_val_forward = adc_get_val(ADC_CHANNEL_INDEX_FORWARD_0);
 101   2              // adc_val_forward = 4095;
 102   2              // printf("adc_val_forward = %u\n", adc_val_forward);
 103   2          }
 104   1      
 105   1          if (adc_get_update_flag(ADC_CHANNEL_INDEX_REVERSE_0))
 106   1          {
 107   2              adc_clear_update_flag(ADC_CHANNEL_INDEX_REVERSE_0);
 108   2              adc_val_reverse = adc_get_val(ADC_CHANNEL_INDEX_REVERSE_0);
 109   2          }
 110   1      
 111   1          // =================== 电机工作过程  ========================
 112   1          // 当电机工作时，检测是否有过流
 113   1          if (motor_0_is_working)
 114   1          {
 115   2              // 向前过流，需要反向
C51 COMPILER V9.60.7.0   MOTOR_HANDLE                                                      03/18/2026 09:23:04 PAGE 3   

 116   2              if (adc_val_forward > MOTOR_OVERCURRENT_ADC_VAL)
 117   2              {
 118   3                  motor_0_overcurrent_cnt++;
 119   3                  // printf("motor 0 forward overcurrent cnt ++\n");
 120   3                  if (motor_0_overcurrent_cnt > 200)
 121   3                  {
 122   4                      // printf("motor 0 forward overcurrent\n");
 123   4                      // 反向
 124   4                      motor_0_status = MOTOR_STATUS_REVERSE;
 125   4                      motor_0_dir_change_dly = MOTOR_DIR_CHANGE_DLY_TIME;
 126   4                      motor_0_is_working = 0;        // 停止电机流程
 127   4                      motor_0_dir_change_enable = 1; // 这里使能，后续函数循环又会给 motor_0_is_wo
             -rking 置一
 128   4      
 129   4                      // 反向结束
 130   4                  }
 131   3              }
 132   2      
 133   2              // 回来原始位置停止工作
 134   2              if (adc_val_reverse > MOTOR_OVERCURRENT_ADC_VAL)
 135   2              {
 136   3                  motor_0_overcurrent_cnt++;
 137   3                  if (motor_0_overcurrent_cnt > 200)
 138   3                  {
 139   4                      // printf("motor 0 reverse overcurrent\n");
 140   4                      motor_0_status = MOTOR_STATUS_STOP;
 141   4                  }
 142   3              }
 143   2      
 144   2              // 工作过程中，防止检测不到过流。够时间就强制复位
 145   2              if (motor_0_working_timing < MOTOR_WORKING_OVER_TIME)
 146   2              {
 147   3                  motor_0_working_timing++;
 148   3              }
 149   2              else
 150   2              {
 151   3                  // 反向
 152   3                  // printf("working over time\n");
 153   3      
 154   3                  motor_0_status = MOTOR_STATUS_REVERSE;
 155   3                  motor_0_dir_change_dly = MOTOR_DIR_CHANGE_DLY_TIME;
 156   3                  motor_0_is_working = 0; // 停止电机流程
 157   3                  motor_0_dir_change_enable = 1;
 158   3                  // 反向结束
 159   3              }
 160   2          }
 161   1      
 162   1          // =================== 过流后，全部拉低，停止工作  ========================
 163   1      
 164   1          if (motor_0_status == MOTOR_STATUS_STOP)
 165   1          {
 166   2              motor_0_is_working = 0;
 167   2      
 168   2              MOTOR_0_FORWARD_PWM_DUTY_SET(PWM_DUTY_VAL_0_PERCENT);
 169   2              MOTOR_0_REVERSE_PWM_DUTY_SET(PWM_DUTY_VAL_0_PERCENT);
 170   2      
 171   2              // printf("motor 0 stop\n");
 172   2          }
 173   1      }
 174          
 175          void motor_1_handler(void)
 176          {
C51 COMPILER V9.60.7.0   MOTOR_HANDLE                                                      03/18/2026 09:23:04 PAGE 4   

 177   1          static volatile u16 adc_val_reverse = 0;
 178   1          static volatile u16 adc_val_forward = 0;
 179   1          static volatile u16 working_timing = 0;
 180   1          static volatile u16 motor_overcurrent_cnt = 0; // 电机过流检测计数值
 181   1      
 182   1          //  ====================  延时切换电机方向  ========================
 183   1          //  ====================  需求电机停止几百ms再启动  ========================
 184   1          if (motor_1_dir_change_dly > 0)
 185   1          {
 186   2              motor_1_dir_change_dly--;
 187   2          }
 188   1          else
 189   1          {
 190   2              if (motor_1_dir_change_enable)
 191   2              {
 192   3                  motor_1_dir_change_enable = 0;
 193   3                  if (motor_1_status == MOTOR_STATUS_FORWARD)
 194   3                  {
 195   4                      MOTOR_1_FORWARD_PWM_DUTY_SET(MOTOR_WORKING_PWM_DUTY_VAL);
 196   4                      MOTOR_1_REVERSE_PWM_DUTY_SET(PWM_DUTY_VAL_0_PERCENT);
 197   4                      working_timing = 0;
 198   4                      motor_1_is_working = 1;
 199   4                      motor_overcurrent_cnt = 0;
 200   4                  }
 201   3                  else if (motor_1_status == MOTOR_STATUS_REVERSE)
 202   3                  {
 203   4                      MOTOR_1_FORWARD_PWM_DUTY_SET(PWM_DUTY_VAL_0_PERCENT);
 204   4                      MOTOR_1_REVERSE_PWM_DUTY_SET(MOTOR_WORKING_PWM_DUTY_VAL);
 205   4                      working_timing = 0;
 206   4                      motor_1_is_working = 1;
 207   4                      motor_overcurrent_cnt = 0;
 208   4                  }
 209   3              }
 210   2          }
 211   1      
 212   1          // =================== ADC检测  ========================
 213   1          if (adc_get_update_flag(ADC_CHANNEL_INDEX_FORWARD_1))
 214   1          {
 215   2              adc_clear_update_flag(ADC_CHANNEL_INDEX_FORWARD_1);
 216   2              adc_val_forward = adc_get_val(ADC_CHANNEL_INDEX_FORWARD_1);
 217   2          }
 218   1      
 219   1          if (adc_get_update_flag(ADC_CHANNEL_INDEX_REVERSE_1))
 220   1          {
 221   2              adc_clear_update_flag(ADC_CHANNEL_INDEX_REVERSE_1);
 222   2              adc_val_reverse = adc_get_val(ADC_CHANNEL_INDEX_REVERSE_1);
 223   2          }
 224   1      
 225   1          // =================== 电机工作过程  ========================
 226   1          // 当电机工作时，检测是否有过流
 227   1          if (motor_1_is_working)
 228   1          {
 229   2              // 向前过流，需要反向
 230   2              if (adc_val_forward > MOTOR_OVERCURRENT_ADC_VAL)
 231   2              {
 232   3                  motor_overcurrent_cnt++;
 233   3                  if (motor_overcurrent_cnt > 200)
 234   3                  {
 235   4                      // printf("motor 1 forward overcurrent\n");
 236   4                      // 反向
 237   4                      motor_1_status = MOTOR_STATUS_REVERSE;
 238   4                      motor_1_dir_change_dly = MOTOR_DIR_CHANGE_DLY_TIME;
C51 COMPILER V9.60.7.0   MOTOR_HANDLE                                                      03/18/2026 09:23:04 PAGE 5   

 239   4                      motor_1_is_working = 0; // 停止电机流程
 240   4                      motor_1_dir_change_enable = 1;
 241   4      
 242   4                      // 反向结束
 243   4                  }
 244   3              }
 245   2      
 246   2              // 回来原始位置停止工作
 247   2              if (adc_val_reverse > MOTOR_OVERCURRENT_ADC_VAL)
 248   2              {
 249   3      
 250   3                  motor_overcurrent_cnt++;
 251   3                  if (motor_overcurrent_cnt > 200)
 252   3                  {
 253   4                      // printf("motor 1 reverse overcurrent\n");
 254   4                      motor_1_status = MOTOR_STATUS_STOP;
 255   4                  }
 256   3              }
 257   2      
 258   2              // 工作过程中，防止检测不到过流。够时间就强制复位
 259   2              if (working_timing < MOTOR_WORKING_OVER_TIME)
 260   2              {
 261   3                  working_timing++;
 262   3              }
 263   2              else
 264   2              {
 265   3                  // 反向
 266   3                  // printf("working over time\n");
 267   3                  motor_1_status = MOTOR_STATUS_REVERSE;
 268   3                  motor_1_dir_change_dly = MOTOR_DIR_CHANGE_DLY_TIME;
 269   3                  motor_1_is_working = 0; // 停止电机流程
 270   3                  motor_1_dir_change_enable = 1;
 271   3                  // 反向结束
 272   3              }
 273   2          }
 274   1      
 275   1          // =================== 过流后，全部拉低，停止工作  ========================
 276   1      
 277   1          if (motor_1_status == MOTOR_STATUS_STOP)
 278   1          {
 279   2              motor_1_is_working = 0;
 280   2      
 281   2              MOTOR_1_FORWARD_PWM_DUTY_SET(PWM_DUTY_VAL_0_PERCENT);
 282   2              MOTOR_1_REVERSE_PWM_DUTY_SET(PWM_DUTY_VAL_0_PERCENT);
 283   2          }
 284   1      }


MODULE INFORMATION:   STATIC OVERLAYABLE
   CODE SIZE        =    790    ----
   CONSTANT SIZE    =   ----    ----
   XDATA SIZE       =     26    ----
   PDATA SIZE       =   ----    ----
   DATA SIZE        =   ----    ----
   IDATA SIZE       =   ----    ----
   BIT SIZE         =   ----    ----
END OF MODULE INFORMATION.


C51 COMPILATION COMPLETE.  0 WARNING(S),  0 ERROR(S)
