C51 COMPILER V9.60.7.0   TASK                                                              02/28/2026 16:43:55 PAGE 1   


C51 COMPILER V9.60.7.0, COMPILATION OF MODULE TASK
OBJECT MODULE PLACED IN .\Release\Objects\task.obj
COMPILER INVOKED BY: C:\Keil_v5\C51\BIN\C51.EXE ..\..\Hardware\task.c LARGE OPTIMIZE(8,SPEED) BROWSE INTVECTOR(0X000C) I
                    -NCDIR(..\..\Libraries\Include;..\..\User;..\..\Hardware) INTERVAL(3) DEBUG OBJECTEXTEND PRINT(.\Release\Listings\task.ls
                    -t) OBJECT(.\Release\Objects\task.obj)

line level    source

   1          #include "task.h"
   2          #include "user_config.h"
   3          #include "adc.h"
   4          #include "key.h"
   5          #include "motor_handle.h"
   6          #include "motor_status_feedback.h"
   7          
   8          // #define TASK_NUM_MAX 2 // 任务数量
   9          
  10          /*
  11              定义任务列表，在这里注册任务
  12          */
  13          void task_debug(void);
  14          static volatile task_ctl_block_t task_table[] = {
  15              // {0, 0, 1, motor_0_handler},
  16              // {0, 0, 1, motor_1_handler},
  17              // // =======================================================
  18              // {0, 0, 5, key0_scan_handle},
  19              // {0, 0, 5, key1_scan_handle},
  20              // =======================================================
  21              // {0, 0, 100, adc_scan}, // USER_TO_DO 测试时使用100ms
  22              // {0, 0, 1, adc_scan}, // 转为定时器调用，不在这里调用
  23              // {0, 0, MOTOR_STATUS_SCAN_PERIOD, motor_status_scan}, // USER_TO_DO 测试时屏蔽
  24              {0, 0, 1000, motor_status_feedback}, // USER_TO_DO 测试时使用 1000ms
  25              // {0, 0, MOTOR_STATUS_FEEDBACK_PERIOD, motor_status_feedback},
  26          
  27          #if USER_DEBUG_ENABLE
  28              {0, 0, 100, task_debug},
  29          #endif
  30          };
  31          
  32          // 任务处理，由主循环调用
  33          void task_handle(void)
  34          {
  35   1          u8 i = 0;
  36   1      
  37   1          for (i = 0; i < (sizeof(task_table) / sizeof(task_ctl_block_t)); i++)
  38   1          {
  39   2              // 如果有任务就绪，调用该任务
  40   2              if (task_table[i].is_task_enable)
  41   2              {
  42   3                  task_table[i].is_task_enable = 0;
  43   3                  task_table[i].task_func();
  44   3              }
  45   2          }
  46   1      }
  47          
  48          // 任务调度，由定时器中断调用（跑时间片计数）
  49          void task_schedule_tick(void)
  50          {
  51   1          u8 i = 0;
  52   1          for (i = 0; i < (sizeof(task_table) / sizeof(task_ctl_block_t)); i++)
  53   1          {
C51 COMPILER V9.60.7.0   TASK                                                              02/28/2026 16:43:55 PAGE 2   

  54   2              task_table[i].task_time_slice++;
  55   2              if (task_table[i].task_time_slice >= task_table[i].target_task_time_slice)
  56   2              {
  57   3                  task_table[i].task_time_slice = 0;
  58   3                  task_table[i].is_task_enable = 1;
  59   3              }
  60   2          }
  61   1      }
  62          
  63          #if USER_DEBUG_ENABLE
  64          void task_debug(void)
  65          {
  66   1      }
  67          #endif


MODULE INFORMATION:   STATIC OVERLAYABLE
   CODE SIZE        =    192    ----
   CONSTANT SIZE    =   ----    ----
   XDATA SIZE       =     16       1
   PDATA SIZE       =   ----    ----
   DATA SIZE        =   ----    ----
   IDATA SIZE       =   ----    ----
   BIT SIZE         =   ----    ----
END OF MODULE INFORMATION.


C51 COMPILATION COMPLETE.  0 WARNING(S),  0 ERROR(S)
